src/app/App.tsx(103,13): error TS2322: Type '{ image: string; onBack: () => void; onSave: (url: string, name: string[]) => void; }' is not assignable to type 'IntrinsicAttributes & PDFPreviewScreenProps'.
  Property 'image' does not exist on type 'IntrinsicAttributes & PDFPreviewScreenProps'. Did you mean 'images'?
src/app/App.tsx(107,27): error TS2345: Argument of type 'string[]' is not assignable to parameter of type 'SetStateAction<string>'.
src/app/components/CameraScanScreen.tsx(65,42): error TS2353: Object literal may only specify known properties, and 'torch' does not exist in type 'MediaTrackConstraintSet'.
src/app/components/OnboardingScreens.tsx(3,34): error TS6133: 'Share2' is declared but its value is never read.
src/app/components/SplashScreen.tsx(8,30): error TS6133: 'onComplete' is declared but its value is never read.
